// Jest Snapshot v1, https://goo.gl/fbAQLP

exports[`UsersPage ---> should match snapshot 1`] = `
<DocumentFragment>
  <div
    class="users-page"
  >
    <h2>
      USERS
    </h2>
    <ul />
    <button>
      Add
    </button>
    <p>
      Loading ...
    </p>
  </div>
</DocumentFragment>
`;
